Archive member included to satisfy reference by file (symbol)

c:/program files (x86)/gnu tools arm embedded/7 2017-q4-major/bin/../lib/gcc/arm-none-eabi/7.2.1\libgcc.a(_arm_addsubsf3.o)
                              .objs\main.o (__aeabi_ui2f)
c:/program files (x86)/gnu tools arm embedded/7 2017-q4-major/bin/../lib/gcc/arm-none-eabi/7.2.1\libgcc.a(_arm_muldivsf3.o)
                              .objs\main.o (__aeabi_fmul)
c:/program files (x86)/gnu tools arm embedded/7 2017-q4-major/bin/../lib/gcc/arm-none-eabi/7.2.1\libgcc.a(_arm_cmpsf2.o)
                              .objs\main.o (__aeabi_fcmple)

Memory Configuration

Name             Origin             Length             Attributes
sram             0x10000000         0x00002000
flash            0x00000000         0x00008000
*default*        0x00000000         0xffffffff

Linker script and memory map

LOAD .objs\main.o
LOAD .objs\startup.o
LOAD .objs\system_LPC13xx.o
LOAD c:/program files (x86)/gnu tools arm embedded/7 2017-q4-major/bin/../lib/gcc/arm-none-eabi/7.2.1/../../../../arm-none-eabi/lib\libstdc++.a
LOAD c:/program files (x86)/gnu tools arm embedded/7 2017-q4-major/bin/../lib/gcc/arm-none-eabi/7.2.1/../../../../arm-none-eabi/lib\libm.a
START GROUP
LOAD c:/program files (x86)/gnu tools arm embedded/7 2017-q4-major/bin/../lib/gcc/arm-none-eabi/7.2.1\libgcc.a
LOAD c:/program files (x86)/gnu tools arm embedded/7 2017-q4-major/bin/../lib/gcc/arm-none-eabi/7.2.1/../../../../arm-none-eabi/lib\libc.a
END GROUP
                0x10001ff0                _end_stack = 0x10001ff0
                0x00000000                . = ORIGIN (flash)

vectors         0x00000000      0x128
 *(.vectors)
 .vectors       0x00000000      0x128 .objs\startup.o
                0x00000000                vector_table

.text           0x00000128      0xbc4
 *(.text)
 .text          0x00000128      0x118 .objs\main.o
                0x00000128                main
                0x00000210                pin_low
                0x0000021c                pin_high
                0x00000228                timer_start
                0x00000234                timer_stop
 .text          0x00000240       0x6c .objs\startup.o
                0x00000240                Reset_Handler
                0x000002a4                HardFault_Handler
                0x000002a4                SysTick_Handler
                0x000002a4                PendSV_Handler
                0x000002a4                NMI_Handler
                0x000002a4                ADC_Handler
                0x000002a4                BOD_Handler
                0x000002a4                EINT3_Handler
                0x000002a4                RESERVED_Handler
                0x000002a4                UsageFault_Handler
                0x000002a4                WDT_Handler
                0x000002a4                TIMER_16_1_Handler
                0x000002a4                DebugMon_Handler
                0x000002a4                Dummy_Handler
                0x000002a4                WAKEUP_Handler
                0x000002a4                I2C_Handler
                0x000002a4                TIMER_32_0_Handler
                0x000002a4                SSP_Handler
                0x000002a4                MemManage_Handler
                0x000002a4                SVC_Handler
                0x000002a4                USB_FIQ_Handler
                0x000002a4                EINT0_Handler
                0x000002a4                UART_Handler
                0x000002a4                EINT2_Handler
                0x000002a4                USB_IRQ_Handler
                0x000002a4                EINT1_Handler
                0x000002a4                TIMER_16_0_Handler
                0x000002a4                TIMER_32_1_Handler
                0x000002a4                BusFault_Handler
 .text          0x000002ac      0x388 .objs\system_LPC13xx.o
                0x000002ac                SystemCoreClockUpdate
                0x00000510                SystemInit
 .text          0x00000634      0x2ac c:/program files (x86)/gnu tools arm embedded/7 2017-q4-major/bin/../lib/gcc/arm-none-eabi/7.2.1\libgcc.a(_arm_addsubsf3.o)
                0x00000634                __aeabi_frsub
                0x0000063c                __subsf3
                0x0000063c                __aeabi_fsub
                0x00000640                __aeabi_fadd
                0x00000640                __addsf3
                0x000007fc                __aeabi_ui2f
                0x000007fc                __floatunsisf
                0x00000804                __aeabi_i2f
                0x00000804                __floatsisf
                0x00000824                __aeabi_ul2f
                0x00000824                __floatundisf
                0x00000834                __aeabi_l2f
                0x00000834                __floatdisf
 .text          0x000008e0      0x2f8 c:/program files (x86)/gnu tools arm embedded/7 2017-q4-major/bin/../lib/gcc/arm-none-eabi/7.2.1\libgcc.a(_arm_muldivsf3.o)
                0x000008e0                __mulsf3
                0x000008e0                __aeabi_fmul
                0x00000a78                __aeabi_fdiv
                0x00000a78                __divsf3
 .text          0x00000bd8      0x114 c:/program files (x86)/gnu tools arm embedded/7 2017-q4-major/bin/../lib/gcc/arm-none-eabi/7.2.1\libgcc.a(_arm_cmpsf2.o)
                0x00000bd8                __gesf2
                0x00000bd8                __gtsf2
                0x00000be0                __lesf2
                0x00000be0                __ltsf2
                0x00000be8                __nesf2
                0x00000be8                __eqsf2
                0x00000be8                __cmpsf2
                0x00000c4c                __aeabi_cfrcmple
                0x00000c5c                __aeabi_cfcmpeq
                0x00000c5c                __aeabi_cfcmple
                0x00000c74                __aeabi_fcmpeq
                0x00000c8c                __aeabi_fcmplt
                0x00000ca4                __aeabi_fcmple
                0x00000cbc                __aeabi_fcmpge
                0x00000cd4                __aeabi_fcmpgt
 *(.rodata)
 *(.rodata*)
                0x00000cec                _end_text = .

.glue_7         0x00000cec        0x0
 .glue_7        0x00000cec        0x0 linker stubs

.glue_7t        0x00000cec        0x0
 .glue_7t       0x00000cec        0x0 linker stubs

.vfp11_veneer   0x00000cec        0x0
 .vfp11_veneer  0x00000cec        0x0 linker stubs

.v4_bx          0x00000cec        0x0
 .v4_bx         0x00000cec        0x0 linker stubs

.iplt           0x00000cec        0x0
 .iplt          0x00000cec        0x0 .objs\main.o

.rel.dyn        0x00000cec        0x0
 .rel.iplt      0x00000cec        0x0 .objs\main.o

.data           0x10000000        0x4 load address 0x00000cec
                0x10000000                _start_data = .
 *(.data)
 .data          0x10000000        0x0 .objs\main.o
 .data          0x10000000        0x0 .objs\startup.o
 .data          0x10000000        0x4 .objs\system_LPC13xx.o
                0x10000000                SystemCoreClock
 .data          0x10000004        0x0 c:/program files (x86)/gnu tools arm embedded/7 2017-q4-major/bin/../lib/gcc/arm-none-eabi/7.2.1\libgcc.a(_arm_addsubsf3.o)
 .data          0x10000004        0x0 c:/program files (x86)/gnu tools arm embedded/7 2017-q4-major/bin/../lib/gcc/arm-none-eabi/7.2.1\libgcc.a(_arm_muldivsf3.o)
 .data          0x10000004        0x0 c:/program files (x86)/gnu tools arm embedded/7 2017-q4-major/bin/../lib/gcc/arm-none-eabi/7.2.1\libgcc.a(_arm_cmpsf2.o)
                0x10000004                _end_data = .

.igot.plt       0x10000004        0x0 load address 0x00000cf0
 .igot.plt      0x10000004        0x0 .objs\main.o

.bss            0x10000004        0x0 load address 0x00000cf0
                0x10000004                _start_bss = .
 *(.bss)
 .bss           0x10000004        0x0 .objs\main.o
 .bss           0x10000004        0x0 .objs\startup.o
 .bss           0x10000004        0x0 .objs\system_LPC13xx.o
 .bss           0x10000004        0x0 c:/program files (x86)/gnu tools arm embedded/7 2017-q4-major/bin/../lib/gcc/arm-none-eabi/7.2.1\libgcc.a(_arm_addsubsf3.o)
 .bss           0x10000004        0x0 c:/program files (x86)/gnu tools arm embedded/7 2017-q4-major/bin/../lib/gcc/arm-none-eabi/7.2.1\libgcc.a(_arm_muldivsf3.o)
 .bss           0x10000004        0x0 c:/program files (x86)/gnu tools arm embedded/7 2017-q4-major/bin/../lib/gcc/arm-none-eabi/7.2.1\libgcc.a(_arm_cmpsf2.o)
                0x10000004                _end_bss = .
                0x10000004                . = ALIGN (0x4)
                0x10000004                _start_stack = .
                0x10000004                _end = .
                [!provide]                PROVIDE (end, .)
OUTPUT(bin\Release\ARM_Assignment_2.elf elf32-littlearm)

.comment        0x00000000       0x7e
 .comment       0x00000000       0x7e .objs\main.o
                                 0x7f (size before relaxing)
 .comment       0x0000007e       0x7f .objs\startup.o
 .comment       0x0000007e       0x7f .objs\system_LPC13xx.o

.ARM.attributes
                0x00000000       0x35
 .ARM.attributes
                0x00000000       0x33 .objs\main.o
 .ARM.attributes
                0x00000033       0x33 .objs\startup.o
 .ARM.attributes
                0x00000066       0x33 .objs\system_LPC13xx.o
 .ARM.attributes
                0x00000099       0x18 c:/program files (x86)/gnu tools arm embedded/7 2017-q4-major/bin/../lib/gcc/arm-none-eabi/7.2.1\libgcc.a(_arm_addsubsf3.o)
 .ARM.attributes
                0x000000b1       0x18 c:/program files (x86)/gnu tools arm embedded/7 2017-q4-major/bin/../lib/gcc/arm-none-eabi/7.2.1\libgcc.a(_arm_muldivsf3.o)
 .ARM.attributes
                0x000000c9       0x18 c:/program files (x86)/gnu tools arm embedded/7 2017-q4-major/bin/../lib/gcc/arm-none-eabi/7.2.1\libgcc.a(_arm_cmpsf2.o)

.debug_frame    0x00000000      0x14c
 .debug_frame   0x00000000       0x4c c:/program files (x86)/gnu tools arm embedded/7 2017-q4-major/bin/../lib/gcc/arm-none-eabi/7.2.1\libgcc.a(_arm_addsubsf3.o)
 .debug_frame   0x0000004c       0x38 c:/program files (x86)/gnu tools arm embedded/7 2017-q4-major/bin/../lib/gcc/arm-none-eabi/7.2.1\libgcc.a(_arm_muldivsf3.o)
 .debug_frame   0x00000084       0xc8 c:/program files (x86)/gnu tools arm embedded/7 2017-q4-major/bin/../lib/gcc/arm-none-eabi/7.2.1\libgcc.a(_arm_cmpsf2.o)
